{ "done_mb": 77, "total_mb": 2867, "done_parts": 1, "total_parts": 86 }
{ "done_mb": 120, "total_mb": 2867, "done_parts": 2, "total_parts": 86 }
{ "done_mb": 167, "total_mb": 2867, "done_parts": 3, "total_parts": 86 }
{ "done_mb": 220, "total_mb": 2867, "done_parts": 4, "total_parts": 86 }
{ "done_mb": 246, "total_mb": 2867, "done_parts": 5, "total_parts": 86 }
{ "done_mb": 281, "total_mb": 2867, "done_parts": 6, "total_parts": 86 }
{ "done_mb": 302, "total_mb": 2867, "done_parts": 7, "total_parts": 86 }
{ "done_mb": 369, "total_mb": 2867, "done_parts": 8, "total_parts": 86 }
{ "done_mb": 431, "total_mb": 2867, "done_parts": 9, "total_parts": 86 }
{ "done_mb": 451, "total_mb": 2867, "done_parts": 10, "total_parts": 86 }
{ "done_mb": 483, "total_mb": 2867, "done_parts": 11, "total_parts": 86 }
{ "done_mb": 504, "total_mb": 2867, "done_parts": 12, "total_parts": 86 }
{ "done_mb": 522, "total_mb": 2867, "done_parts": 13, "total_parts": 86 }
{ "done_mb": 562, "total_mb": 2867, "done_parts": 14, "total_parts": 86 }
{ "done_mb": 580, "total_mb": 2867, "done_parts": 15, "total_parts": 86 }
{ "done_mb": 620, "total_mb": 2867, "done_parts": 16, "total_parts": 86 }
{ "done_mb": 660, "total_mb": 2867, "done_parts": 17, "total_parts": 86 }
{ "done_mb": 679, "total_mb": 2867, "done_parts": 18, "total_parts": 86 }
{ "done_mb": 692, "total_mb": 2867, "done_parts": 19, "total_parts": 86 }
{ "done_mb": 704, "total_mb": 2867, "done_parts": 20, "total_parts": 86 }
{ "done_mb": 720, "total_mb": 2867, "done_parts": 21, "total_parts": 86 }
{ "done_mb": 736, "total_mb": 2867, "done_parts": 22, "total_parts": 86 }
{ "done_mb": 750, "total_mb": 2867, "done_parts": 23, "total_parts": 86 }
{ "done_mb": 783, "total_mb": 2867, "done_parts": 24, "total_parts": 86 }
{ "done_mb": 804, "total_mb": 2867, "done_parts": 25, "total_parts": 86 }
{ "done_mb": 824, "total_mb": 2867, "done_parts": 26, "total_parts": 86 }
{ "done_mb": 835, "total_mb": 2867, "done_parts": 27, "total_parts": 86 }
{ "done_mb": 847, "total_mb": 2867, "done_parts": 28, "total_parts": 86 }
{ "done_mb": 865, "total_mb": 2867, "done_parts": 29, "total_parts": 86 }
{ "done_mb": 872, "total_mb": 2867, "done_parts": 30, "total_parts": 86 }
{ "done_mb": 882, "total_mb": 2867, "done_parts": 31, "total_parts": 86 }
{ "done_mb": 887, "total_mb": 2867, "done_parts": 32, "total_parts": 86 }
{ "done_mb": 897, "total_mb": 2867, "done_parts": 33, "total_parts": 86 }
{ "done_mb": 906, "total_mb": 2867, "done_parts": 34, "total_parts": 86 }
{ "done_mb": 930, "total_mb": 2867, "done_parts": 35, "total_parts": 86 }
{ "done_mb": 939, "total_mb": 2867, "done_parts": 36, "total_parts": 86 }
{ "done_mb": 946, "total_mb": 2867, "done_parts": 37, "total_parts": 86 }
{ "done_mb": 974, "total_mb": 2867, "done_parts": 38, "total_parts": 86 }
{ "done_mb": 978, "total_mb": 2867, "done_parts": 39, "total_parts": 86 }
{ "done_mb": 985, "total_mb": 2867, "done_parts": 40, "total_parts": 86 }
{ "done_mb": 1142, "total_mb": 2867, "done_parts": 41, "total_parts": 86 }
{ "done_mb": 1150, "total_mb": 2867, "done_parts": 42, "total_parts": 86 }
{ "done_mb": 1160, "total_mb": 2867, "done_parts": 43, "total_parts": 86 }
{ "done_mb": 1167, "total_mb": 2867, "done_parts": 44, "total_parts": 86 }
{ "done_mb": 1172, "total_mb": 2867, "done_parts": 45, "total_parts": 86 }
{ "done_mb": 1184, "total_mb": 2867, "done_parts": 46, "total_parts": 86 }
{ "done_mb": 1194, "total_mb": 2867, "done_parts": 47, "total_parts": 86 }
{ "done_mb": 1201, "total_mb": 2867, "done_parts": 48, "total_parts": 86 }
{ "done_mb": 1204, "total_mb": 2867, "done_parts": 49, "total_parts": 86 }
{ "done_mb": 1267, "total_mb": 2867, "done_parts": 50, "total_parts": 86 }
{ "done_mb": 1325, "total_mb": 2867, "done_parts": 51, "total_parts": 86 }
{ "done_mb": 1336, "total_mb": 2867, "done_parts": 52, "total_parts": 86 }
{ "done_mb": 1397, "total_mb": 2867, "done_parts": 53, "total_parts": 86 }
{ "done_mb": 1410, "total_mb": 2867, "done_parts": 54, "total_parts": 86 }
{ "done_mb": 1421, "total_mb": 2867, "done_parts": 55, "total_parts": 86 }
{ "done_mb": 1426, "total_mb": 2867, "done_parts": 56, "total_parts": 86 }
{ "done_mb": 1464, "total_mb": 2867, "done_parts": 57, "total_parts": 86 }
{ "done_mb": 1478, "total_mb": 2867, "done_parts": 58, "total_parts": 86 }
{ "done_mb": 1487, "total_mb": 2867, "done_parts": 59, "total_parts": 86 }
{ "done_mb": 1505, "total_mb": 2867, "done_parts": 60, "total_parts": 86 }
{ "done_mb": 1520, "total_mb": 2867, "done_parts": 61, "total_parts": 86 }
{ "done_mb": 1582, "total_mb": 2867, "done_parts": 62, "total_parts": 86 }
{ "done_mb": 1745, "total_mb": 2867, "done_parts": 63, "total_parts": 86 }
{ "done_mb": 1745, "total_mb": 2867, "done_parts": 64, "total_parts": 86 }
{ "done_mb": 1750, "total_mb": 2867, "done_parts": 65, "total_parts": 86 }
{ "done_mb": 1750, "total_mb": 2867, "done_parts": 66, "total_parts": 86 }
{ "done_mb": 1750, "total_mb": 2867, "done_parts": 67, "total_parts": 86 }
{ "done_mb": 1750, "total_mb": 2867, "done_parts": 68, "total_parts": 86 }
{ "done_mb": 1750, "total_mb": 2867, "done_parts": 69, "total_parts": 86 }
{ "done_mb": 1750, "total_mb": 2867, "done_parts": 70, "total_parts": 86 }
{ "done_mb": 1750, "total_mb": 2867, "done_parts": 71, "total_parts": 86 }
{ "done_mb": 1750, "total_mb": 2867, "done_parts": 72, "total_parts": 86 }
{ "done_mb": 1750, "total_mb": 2867, "done_parts": 73, "total_parts": 86 }
{ "done_mb": 1770, "total_mb": 2867, "done_parts": 74, "total_parts": 86 }
{ "done_mb": 1791, "total_mb": 2867, "done_parts": 75, "total_parts": 86 }
{ "done_mb": 1791, "total_mb": 2867, "done_parts": 76, "total_parts": 86 }
{ "done_mb": 1874, "total_mb": 2867, "done_parts": 77, "total_parts": 86 }
{ "done_mb": 2641, "total_mb": 2867, "done_parts": 78, "total_parts": 86 }
{ "done_mb": 2669, "total_mb": 2867, "done_parts": 79, "total_parts": 86 }
{ "done_mb": 2669, "total_mb": 2867, "done_parts": 80, "total_parts": 86 }
{ "done_mb": 2669, "total_mb": 2867, "done_parts": 81, "total_parts": 86 }
{ "done_mb": 2669, "total_mb": 2867, "done_parts": 82, "total_parts": 86 }
{ "done_mb": 2669, "total_mb": 2867, "done_parts": 83, "total_parts": 86 }
{ "done_mb": 2669, "total_mb": 2867, "done_parts": 84, "total_parts": 86 }
{ "done_mb": 2770, "total_mb": 2867, "done_parts": 85, "total_parts": 86 }
{ "done_mb": 2770, "total_mb": 2867, "done_parts": 86, "total_parts": 86 }
