{ "done_mb": 771, "total_mb": 872, "done_parts": 1, "total_parts": 9 }
{ "done_mb": 771, "total_mb": 872, "done_parts": 2, "total_parts": 9 }
{ "done_mb": 771, "total_mb": 872, "done_parts": 3, "total_parts": 9 }
{ "done_mb": 771, "total_mb": 872, "done_parts": 4, "total_parts": 9 }
{ "done_mb": 771, "total_mb": 872, "done_parts": 5, "total_parts": 9 }
{ "done_mb": 771, "total_mb": 872, "done_parts": 6, "total_parts": 9 }
{ "done_mb": 771, "total_mb": 872, "done_parts": 7, "total_parts": 9 }
{ "done_mb": 873, "total_mb": 872, "done_parts": 8, "total_parts": 9 }
{ "done_mb": 873, "total_mb": 872, "done_parts": 9, "total_parts": 9 }
